


 ########  #          ######   #           #
 #         #         #      #   #         # 
 #####     #         #      #    #   #   #  
 #         #         #      #     # # # #   
 #         #######    ######       #   #    

Flow is a simulator for fully implicit three-phase black-oil flow, and is part of OPM.
For more information visit: https://opm-project.org 

Flow Version     =  2025.10-pre (04484abca)
Machine name     =  Macbookns-MacBook-Pro-2.local (Number of logical cores: 10, Memory size: 16384.00 MB) 
Operating system =  Darwin arm64 (Kernel: 24.6.0, Darwin Kernel Version 24.6.0: Mon Jul 14 11:30:29 PDT 2025; root:xnu-11417.140.69~1/RELEASE_ARM64_T6000 )
Build time       =  2025-10-11 at 19:29:21 hrs
User             =  root
Simulation started on 22-10-2025 at 16:11:04 hrs
Using 1 MPI processes with 1 OMP threads on each 
Parameters used by Flow:
# [known parameters which were specified at run-time]
ActivateMLRelPErm="False" # default: "0"
NewtonMaxIterations="20" # default: "20"
RelaxedMaxPvFraction="0" # default: "0.03"
OutputExtraConvergenceInfo="steps,iterations" # default: "none"
EnableOpmRstFile="true" # default: "0"
NewtonMinIterations="1" # default: "2"
EnableWellOperabilityCheck="false" # default: "1"
MinTimeStepBeforeShuttingProblematicWellsInDays="1e-99" # default: "0.01"
OutputDir="no-hystnew" # default: ""
EclDeckFileName="ONE-DIMENSIONAL-OILINJ.DATA" # default: ""
# [parameters which were specified at compile-time]
AcceleratorMode="none"
ActionParsingStrictness="normal"
AllowDistributedWells="0"
AllowSplittingInactiveWells="1"
AlternativeWellRateInit="1"
CheckGroupConstraintsInnerWellIterations="1"
CheckSatfuncConsistency="0"
ContinueOnConvergenceError="0"
ConvergenceMonitoring="0"
ConvergenceMonitoringCutOff="6"
ConvergenceMonitoringDecayFactor="0.75"
CprReuseInterval="30"
CprReuseSetup="4"
DbhpMaxRel="1"
DebugEmitCellPartition="0"
DpMaxRel="0.3"
DsMax="0.2"
DwellFractionMax="0.2"
EclOutputDoublePrecision="0"
EclOutputInterval="-1"
EdgeWeightsMethod="1"
EnableAdaptiveTimeStepping="1"
EnableAsyncEclOutput="1"
EnableAsyncVtkOutput="1"
EnableDriftCompensation="0"
EnableDryRun="auto"
EnableEclOutput="1"
EnableEsmry="0"
EnableGravity="1"
EnableGridAdaptation="0"
EnableIntensiveQuantityCache="1"
EnableLoggingFalloutWarning="0"
EnableStorageCache="1"
EnableTerminalOutput="1"
EnableThermodynamicHints="0"
EnableTuning="0"
EnableVtkOutput="0"
EnableWellOperabilityCheckIter="0"
EnableWriteAllSolutions="0"
EndTime="1e+100"
ExplicitRockCompaction="0"
ForceDisableFluidInPlaceOutput="0"
ForceDisableResvFluidInPlaceOutput="0"
FullTimeStepInitially="0"
GpuDeviceId="0"
IgnoreKeywords=""
IluFillinLevel="0"
IluRedblack="0"
IluRelaxation="0.9"
IluReorderSpheres="0"
InitialTimeStepInDays="1"
InitialTimeStepSize="86400"
InjMultDampMult="0.9"
InjMultMinDampFactor="0.05"
InjMultOscThreshold="0.1"
InputSkipMode="100"
LinearSolver="cprw"
LinearSolverIgnoreConvergenceFailure="0"
LinearSolverMaxIter="200"
LinearSolverPrintJsonDefinition="1"
LinearSolverReduction="0.01"
LinearSolverRestart="40"
LinearSolverVerbosity="0"
LoadFile=""
LoadStep="-1"
LocalDomainsOrderingMeasure="maxpressure"
LocalDomainsPartitionWellNeighborLevels="1"
LocalDomainsPartitioningImbalance="1.03"
LocalDomainsPartitioningMethod="zoltan"
LocalSolveApproach="gauss-seidel"
LocalToleranceScalingCnv="0.1"
LocalToleranceScalingMb="1"
LocalWellSolveControlSwitching="1"
MatrixAddWellContributions="0"
MaxInnerIterMsWells="100"
MaxInnerIterWells="50"
MaxLocalSolveIterations="20"
MaxNewtonIterationsWithInnerWellIterations="8"
MaxPressureChangeMsWells="1e+06"
MaxResidualAllowed="1e+07"
MaxSinglePrecisionDays="20"
MaxTemperatureChange="5"
MaxTimeStepDivisions="10"
MaxTimeStepSize="inf"
MaxWelleqIter="30"
MaximumNumberOfGroupSwitches="3"
MaximumNumberOfWellSwitches="3"
MaximumWaterSaturation="1"
MiluVariant="ILU"
MinStrictCnvIter="-1"
MinStrictMbIter="-1"
MinTimeStepBasedOnNewtonIterations="0"
MinTimeStepSize="0"
NetworkMaxOuterIterations="10"
NetworkMaxPressureUpdateInBars="5"
NetworkMaxStrictOuterIterations="10"
NetworkMaxSubIterations="20"
NetworkPressureUpdateDampingFactor="0.1"
NewtonMaxError="1e+100"
NewtonMaxRelax="0.5"
NewtonRelaxationType="dampen"
NewtonTargetIterations="10"
NewtonTolerance="0.01"
NewtonVerbose="1"
NewtonWriteConvergence="0"
NlddLocalLinearSolver="ilu0"
NlddLocalLinearSolverMaxIter="200"
NlddLocalLinearSolverReduction="0.01"
NlddNumInitialNewtonIter="1"
NonlinearSolver="newton"
NumLocalDomains="0"
NumPressurePointsEquil="2000"
NumSatfuncConsistencySamplePoints="5"
NupcolGroupRateTolerance="0.001"
OpenclIluParallel="1"
OpenclPlatformId="0"
OutputInterval="1"
OutputMode="all"
OwnerCellsFirst="1"
ParameterFile=""
ParsingStrictness="normal"
PreSolveNetwork="1"
PredeterminedTimeStepsFile=""
PressureMax="1e+99"
PressureMin="-1e+99"
PressureScale="1"
PriVarOscilationThreshold="1e-05"
PrintParameters="2"
ProjectSaturations="0"
RegularizationFactorWells="100"
RelaxedLinearSolverReduction="0.01"
RelaxedPressureTolMsw="10000"
RelaxedWellFlowTol="0.001"
RestartTime="-1e+35"
RestartWritingInterval="16777215"
SaveFile=""
SaveStep=""
ScaleLinearSystem="0"
SchedRestart="0"
ShutUnsolvableWells="1"
Slave="0"
SolveWelleqInitially="1"
SolverContinueOnConvergenceFailure="0"
SolverGrowthFactor="2"
SolverMaxGrowth="3"
SolverMaxRestarts="10"
SolverMaxTimeStepInDays="365"
SolverMinTimeStep="1e-12"
SolverRestartFactor="0.33"
SolverVerbosity="1"
StrictInnerIterWells="40"
StrictOuterIterWells="6"
TemperatureMax="1e+09"
TemperatureMin="0"
ThreadsPerProcess="1"
TimeStepAfterEventInDays="-1"
TimeStepControl="pid+newtoniteration"
TimeStepControlDecayDampingFactor="1"
TimeStepControlDecayRate="0.75"
TimeStepControlFileName="timesteps"
TimeStepControlGrowthDampingFactor="3.2"
TimeStepControlGrowthRate="1.25"
TimeStepControlSafetyFactor="0.8"
TimeStepControlTargetIterations="30"
TimeStepControlTargetNewtonIterations="8"
TimeStepControlTolerance="0.1"
TimeStepVerbosity="1"
ToleranceCnv="0.01"
ToleranceCnvEnergy="0.01"
ToleranceCnvEnergyRelaxed="1"
ToleranceCnvRelaxed="1"
ToleranceEnergyBalance="1e-07"
ToleranceEnergyBalanceRelaxed="1e-06"
ToleranceMb="1e-07"
ToleranceMbRelaxed="1e-06"
TolerancePressureMsWells="1000"
ToleranceWellControl="1e-07"
ToleranceWells="0.0001"
UpdateEquationsScaling="0"
UseAverageDensityMsWells="0"
UseGmres="0"
UseImplicitIpr="1"
UseMultisegmentWell="1"
UseUpdateStabilization="1"
VtkWriteAverageMolarMasses="0"
VtkWriteDensities="1"
VtkWriteDiffusionCoefficients="0"
VtkWriteDofIndex="0"
VtkWriteEffectiveDiffusionCoefficients="0"
VtkWriteExtrusionFactor="0"
VtkWriteFilterVelocities="0"
VtkWriteFugacities="0"
VtkWriteFugacityCoeffs="0"
VtkWriteGasDissolutionFactor="0"
VtkWriteGasFormationVolumeFactor="0"
VtkWriteGasSaturationPressure="0"
VtkWriteIntrinsicPermeabilities="0"
VtkWriteMassFractions="0"
VtkWriteMobilities="0"
VtkWriteMolarities="0"
VtkWriteMoleFractions="1"
VtkWriteOilFormationVolumeFactor="0"
VtkWriteOilSaturationPressure="0"
VtkWriteOilVaporizationFactor="0"
VtkWritePorosity="1"
VtkWritePotentialGradients="0"
VtkWritePressures="1"
VtkWritePrimaryVars="0"
VtkWritePrimaryVarsMeaning="0"
VtkWriteProcessRank="0"
VtkWriteRelativePermeabilities="1"
VtkWriteSaturatedGasOilVaporizationFactor="0"
VtkWriteSaturatedOilGasDissolutionFactor="0"
VtkWriteSaturationRatios="0"
VtkWriteSaturations="1"
VtkWriteTemperature="1"
VtkWriteTortuosities="0"
VtkWriteTotalMassFractions="0"
VtkWriteTotalMoleFractions="0"
VtkWriteTracerConcentration="0"
VtkWriteViscosities="0"
VtkWriteWaterFormationVolumeFactor="0"
WaterOnlyThreshold="1"

Reading deck file 'ONE-DIMENSIONAL-OILINJ.DATA'
    0 Reading RUNSPEC  in ONE-DIMENSIONAL-OILINJ.DATA line 19
    1 Reading TITLE    in ONE-DIMENSIONAL-OILINJ.DATA line 22
    2 Reading DIMENS   in ONE-DIMENSIONAL-OILINJ.DATA line 25
    3 Reading EQLDIMS  in ONE-DIMENSIONAL-OILINJ.DATA line 30
    4 Reading TABDIMS  in ONE-DIMENSIONAL-OILINJ.DATA line 35
    5 Reading OIL      in ONE-DIMENSIONAL-OILINJ.DATA line 39
    6 Reading WATER    in ONE-DIMENSIONAL-OILINJ.DATA line 40
    7 Reading METRIC   in ONE-DIMENSIONAL-OILINJ.DATA line 43
    8 Reading SATOPTS  in ONE-DIMENSIONAL-OILINJ.DATA line 46
    9 Reading START    in ONE-DIMENSIONAL-OILINJ.DATA line 50
   10 Reading WELLDIMS in ONE-DIMENSIONAL-OILINJ.DATA line 53
   11 Reading UNIFIN   in ONE-DIMENSIONAL-OILINJ.DATA line 64
   12 Reading UNIFOUT  in ONE-DIMENSIONAL-OILINJ.DATA line 65
   13 Reading GRID     in ONE-DIMENSIONAL-OILINJ.DATA line 67
   14 Reading INIT     in ONE-DIMENSIONAL-OILINJ.DATA line 74
   15 Reading NOECHO   in ONE-DIMENSIONAL-OILINJ.DATA line 77
   16 Reading DX       in ONE-DIMENSIONAL-OILINJ.DATA line 79
   17 Reading DY       in ONE-DIMENSIONAL-OILINJ.DATA line 82
   18 Reading DZ       in ONE-DIMENSIONAL-OILINJ.DATA line 85
   19 Reading TOPS     in ONE-DIMENSIONAL-OILINJ.DATA line 89
   20 Reading PORO     in ONE-DIMENSIONAL-OILINJ.DATA line 93
   21 Reading PERMX    in ONE-DIMENSIONAL-OILINJ.DATA line 97
   22 Reading PERMY    in ONE-DIMENSIONAL-OILINJ.DATA line 101
   23 Reading PERMZ    in ONE-DIMENSIONAL-OILINJ.DATA line 105
   24 Reading ECHO     in ONE-DIMENSIONAL-OILINJ.DATA line 109
   25 Reading PROPS    in ONE-DIMENSIONAL-OILINJ.DATA line 111
   26 Reading EHYSTR   in ONE-DIMENSIONAL-OILINJ.DATA line 114
   27 Reading PVTW     in ONE-DIMENSIONAL-OILINJ.DATA line 117
   28 Reading PVCDO    in ONE-DIMENSIONAL-OILINJ.DATA line 130
   29 Reading SWATINIT in ONE-DIMENSIONAL-OILINJ.DATA line 143
   30 Reading ROCK     in ONE-DIMENSIONAL-OILINJ.DATA line 147
   31 Reading SWOF     in ONE-DIMENSIONAL-OILINJ.DATA line 154
   32 Reading DENSITY  in ONE-DIMENSIONAL-OILINJ.DATA line 340
   33 Reading REGIONS  in ONE-DIMENSIONAL-OILINJ.DATA line 362
   34 Reading EQUALS   in ONE-DIMENSIONAL-OILINJ.DATA line 365
   35 Reading SOLUTION in ONE-DIMENSIONAL-OILINJ.DATA line 370
   36 Reading EQUIL    in ONE-DIMENSIONAL-OILINJ.DATA line 373
   37 Reading SUMMARY  in ONE-DIMENSIONAL-OILINJ.DATA line 394
   38 Reading FOPR     in ONE-DIMENSIONAL-OILINJ.DATA line 398
   39 Reading WBHP     in ONE-DIMENSIONAL-OILINJ.DATA line 403
   40 Reading WOIR     in ONE-DIMENSIONAL-OILINJ.DATA line 408
   41 Reading WOIT     in ONE-DIMENSIONAL-OILINJ.DATA line 413
   42 Reading WOPR     in ONE-DIMENSIONAL-OILINJ.DATA line 417
   43 Reading WOPT     in ONE-DIMENSIONAL-OILINJ.DATA line 421
   44 Reading WWIR     in ONE-DIMENSIONAL-OILINJ.DATA line 425
   45 Reading WWIT     in ONE-DIMENSIONAL-OILINJ.DATA line 429
   46 Reading WWPR     in ONE-DIMENSIONAL-OILINJ.DATA line 433
   47 Reading WWPT     in ONE-DIMENSIONAL-OILINJ.DATA line 437
   48 Reading SCHEDULE in ONE-DIMENSIONAL-OILINJ.DATA line 441
   49 Reading RPTSCHED in ONE-DIMENSIONAL-OILINJ.DATA line 443
   50 Reading RPTRST   in ONE-DIMENSIONAL-OILINJ.DATA line 446
   51 Reading WELSPECS in ONE-DIMENSIONAL-OILINJ.DATA line 457
   52 Reading COMPDAT  in ONE-DIMENSIONAL-OILINJ.DATA line 468
   53 Reading WCONPROD in ONE-DIMENSIONAL-OILINJ.DATA line 480
   54 Reading WCONINJE in ONE-DIMENSIONAL-OILINJ.DATA line 489
   55 Reading TSTEP    in ONE-DIMENSIONAL-OILINJ.DATA line 499
   56 Reading WELOPEN  in ONE-DIMENSIONAL-OILINJ.DATA line 502
   57 Reading TSTEP    in ONE-DIMENSIONAL-OILINJ.DATA line 510
   58 Reading WELOPEN  in ONE-DIMENSIONAL-OILINJ.DATA line 513
   59 Reading TSTEP    in ONE-DIMENSIONAL-OILINJ.DATA line 520
   60 Reading WELOPEN  in ONE-DIMENSIONAL-OILINJ.DATA line 522
   61 Reading TSTEP    in ONE-DIMENSIONAL-OILINJ.DATA line 530
   62 Reading WELOPEN  in ONE-DIMENSIONAL-OILINJ.DATA line 533
   63 Reading TSTEP    in ONE-DIMENSIONAL-OILINJ.DATA line 540
   64 Reading WELOPEN  in ONE-DIMENSIONAL-OILINJ.DATA line 543
   65 Reading TSTEP    in ONE-DIMENSIONAL-OILINJ.DATA line 550
   66 Reading WELOPEN  in ONE-DIMENSIONAL-OILINJ.DATA line 553
   67 Reading TSTEP    in ONE-DIMENSIONAL-OILINJ.DATA line 560
   68 Reading WELOPEN  in ONE-DIMENSIONAL-OILINJ.DATA line 563
   69 Reading TSTEP    in ONE-DIMENSIONAL-OILINJ.DATA line 570
   70 Reading WELOPEN  in ONE-DIMENSIONAL-OILINJ.DATA line 573

Warning: Unsupported keywords or keyword items:

  NOECHO: keyword not supported
  In file: ONE-DIMENSIONAL-OILINJ.DATA, line 77

  ECHO: keyword not supported
  In file: ONE-DIMENSIONAL-OILINJ.DATA, line 109

Creating grid from keywords DX, DY, DZ and TOPS
2 fluid phases are active

Processing dynamic information from
ONE-DIMENSIONAL-OILINJ.DATA line 441
Initializing report step 0/16 at 2015-01-01 0 DAYS line 441
Processing keyword RPTSCHED at line 443
Processing keyword RPTRST at line 446
Processing keyword WELSPECS at line 457
Processing keyword COMPDAT at line 468
Processing keyword WCONPROD at line 480
Processing keyword WCONINJE at line 489
Complete report step 1 (31 DAYS) at 2015-02-01 (0 DAYS)

Initializing report step 2/16 at 2015-02-01 (0 DAYS) line 499
Complete report step 2 (28 DAYS) at 2015-03-01 (31 DAYS)

Initializing report step 3/16 at 2015-03-01 (31 DAYS) line 499
Processing keyword WELOPEN at line 502
Complete report step 3 (31 DAYS) at 2015-04-01 (59 DAYS)

Initializing report step 4/16 at 2015-04-01 (59 DAYS) line 510
Complete report step 4 (28 DAYS) at 2015-04-29 (90 DAYS)

Initializing report step 5/16 at 2015-04-29 (90 DAYS) line 510
Processing keyword WELOPEN at line 513
Complete report step 5 (31 DAYS) at 2015-05-30 (118 DAYS)
Report limit reached, see PRT-file for remaining Schedule initialization.

Initializing report step 6/16 at 2015-05-30 (118 DAYS) line 520
Complete report step 6 (28 DAYS) at 2015-06-27 (149 DAYS)

Initializing report step 7/16 at 2015-06-27 (149 DAYS) line 520
Processing keyword WELOPEN at line 522
Complete report step 7 (31 DAYS) at 2015-07-28 (177 DAYS)

Initializing report step 8/16 at 2015-07-28 (177 DAYS) line 530
Complete report step 8 (28 DAYS) at 2015-08-25 (208 DAYS)

Initializing report step 9/16 at 2015-08-25 (208 DAYS) line 530
Processing keyword WELOPEN at line 533
Complete report step 9 (31 DAYS) at 2015-09-25 (236 DAYS)

Initializing report step 10/16 at 2015-09-25 (236 DAYS) line 540
Complete report step 10 (28 DAYS) at 2015-10-23 (267 DAYS)

Initializing report step 11/16 at 2015-10-23 (267 DAYS) line 540
Processing keyword WELOPEN at line 543
Complete report step 11 (31 DAYS) at 2015-11-23 (295 DAYS)

Initializing report step 12/16 at 2015-11-23 (295 DAYS) line 550
Complete report step 12 (28 DAYS) at 2015-12-21 (326 DAYS)

Initializing report step 13/16 at 2015-12-21 (326 DAYS) line 550
Processing keyword WELOPEN at line 553
Complete report step 13 (31 DAYS) at 2016-01-21 (354 DAYS)

Initializing report step 14/16 at 2016-01-21 (354 DAYS) line 560
Complete report step 14 (28 DAYS) at 2016-02-18 (385 DAYS)

Initializing report step 15/16 at 2016-02-18 (385 DAYS) line 560
Processing keyword WELOPEN at line 563
Complete report step 15 (31 DAYS) at 2016-03-20 (413 DAYS)

Initializing report step 16/16 at 2016-03-20 (413 DAYS) line 570
Complete report step 16 (28 DAYS) at 2016-04-17 (444 DAYS)

Processing keyword WELOPEN at line 573

Warning: Request for missing well PROD in WBHP
In ONE-DIMENSIONAL-OILINJ.DATA line 403

Warning: Request for missing well PROD in WOIR
In ONE-DIMENSIONAL-OILINJ.DATA line 408

Warning: Request for missing well PROD in WOIT
In ONE-DIMENSIONAL-OILINJ.DATA line 413

Warning: Request for missing well PROD in WOPR
In ONE-DIMENSIONAL-OILINJ.DATA line 417

Warning: Request for missing well PROD in WOPT
In ONE-DIMENSIONAL-OILINJ.DATA line 421

Warning: Request for missing well PROD in WWIR
In ONE-DIMENSIONAL-OILINJ.DATA line 425

Warning: Request for missing well PROD in WWIT
In ONE-DIMENSIONAL-OILINJ.DATA line 429

Warning: Request for missing well PROD in WWPR
In ONE-DIMENSIONAL-OILINJ.DATA line 433

Warning: Request for missing well PROD in WWPT
In ONE-DIMENSIONAL-OILINJ.DATA line 437

Processing grid
Total number of active cells: 10 / total pore volume: 2034000 RM3

Property tree for linear solvers:
{
    "maxiter": "20",
    "tol": "0.0050000000000000001",
    "verbosity": "0",
    "solver": "bicgstab",
    "preconditioner": {
        "type": "cprw",
        "use_well_weights": "false",
        "add_wells": "true",
        "weight_type": "trueimpes",
        "pre_smooth": "0",
        "post_smooth": "1",
        "finesmoother": {
            "type": "ParOverILU0",
            "relaxation": "1"
        },
        "verbosity": "0",
        "coarsesolver": {
            "maxiter": "1",
            "tol": "0.10000000000000001",
            "solver": "loopsolver",
            "verbosity": "0",
            "preconditioner": {
                "type": "amg",
                "alpha": "0.33333333333300003",
                "relaxation": "1",
                "iterations": "1",
                "coarsenTarget": "1200",
                "pre_smooth": "1",
                "post_smooth": "1",
                "beta": "0",
                "smoother": "ILU0",
                "verbosity": "0",
                "maxlevel": "15",
                "skip_isolated": "0",
                "accumulate": "1",
                "prolongationdamping": "1",
                "maxdistance": "2",
                "maxconnectivity": "15",
                "maxaggsize": "6",
                "minaggsize": "4"
            }
        }
    }
}


===============Saturation Functions Diagnostics===============

System: Oil-Water system.
Relative permeability input format: Saturation Family I.
Number of saturation regions: 2



================ Starting main simulation loop ===============


Report step  0/16 at day 0/472, date = 01-Jan-2015
Using Newton nonlinear solver.
Restart file written for report step  0/16, date = 01-Jan-2015 00:00:00

Starting time step 0, stepsize 1 days, at day 0/31, date = 01-Jan-2015
 Newton its= 1, linearizations= 2 (0.0sec), linear its=  0 (0.0sec)

Starting time step 1, stepsize 3 days, at day 1/31, date = 02-Jan-2015
 Newton its= 2, linearizations= 3 (0.0sec), linear its=  0 (0.0sec)

Starting time step 2, stepsize 4.20202 days, at day 4/31, date = 05-Jan-2015
 Newton its= 2, linearizations= 3 (0.0sec), linear its=  0 (0.0sec)

Starting time step 3, stepsize 6.5109 days, at day 8.20202/31, date = 09-Jan-2015
 Newton its= 2, linearizations= 3 (0.0sec), linear its=  0 (0.0sec)

Starting time step 4, stepsize 8.8069 days, at day 14.7129/31, date = 15-Jan-2015
 Newton its= 2, linearizations= 3 (0.0sec), linear its=  0 (0.0sec)

Starting time step 5, stepsize 7.48018 days, at day 23.5198/31, date = 24-Jan-2015

Warning: Keyword 'WELLS' is unhandled for output to restart file.
 Newton its= 2, linearizations= 3 (0.0sec), linear its=  0 (0.0sec)

                              **************************************************************************
  WELLS    AT        31  DAYS *                 SPE1 - CASE 2                                          *
  REPORT    1    01 Feb 2015  *                                             Flow  version 2025.10-pre  *
                              **************************************************************************


======================================================= PRODUCTION REPORT =======================================================
:  WELL  : LOCATION  :CTRL:    OIL    :   WATER   :    GAS    :   FLUID   :   WATER   : GAS/OIL  :  WAT/GAS   : BHP OR : THP OR :
:  NAME  :  (I,J,K)  :MODE:   RATE    :   RATE    :   RATE    : RES.VOL.  :    CUT    :  RATIO   :   RATIO    :CON.PR. :BLK.PR. :
:        :           :    :  SCM/DAY  :  SCM/DAY  :  RCM/DAY  :  SCM/SCM  :  SCM/SCM  : SCM/SCM  :  SCM/SCM   : BARSA  : BARSA  :
=================================================================================================================================
:FIELD   :           :    :       -0.0:       -0.0:       -0.0:       -0.0:      0.000:      0.00:      0.0000:        :        :
:G1      :           :    :       -0.0:       -0.0:       -0.0:       -0.0:      0.000:      0.00:      0.0000:        :        :
:--------:-----------:----:-----------:-----------:-----------:-----------:-----------:----------:------------:--------:--------:

============================================= INJECTION REPORT ==============================================
:  WELL  : LOCATION  : CTRL : CTRL : CTRL :    OIL    :   WATER   :    GAS    :   FLUID   : BHP OR : THP OR :
:  NAME  :  (I,J,K)  : MODE : MODE : MODE :   RATE    :   RATE    :   RATE    : RES.VOL.  :CON.PR. :BLK.PR. :
:        :           : OIL  : WAT  : GAS  :  SCM/DAY  :  SCM/DAY  :  SCM/DAY  :  RCM/DAY  : BARSA  : BARSA  :
=============================================================================================================
:FIELD   :           :      :      :      :      400.0:        0.0:        0.0:      442.4:        :        :
:G1      :           :      :      :      :      400.0:        0.0:        0.0:      442.4:        :        :
:INJ     : 10,  1    :      :  WRAT:      :        0.0:        0.0:        0.0:        0.0:     0.0:     0.0:
:OILINJ  :  1,  1    :  ORAT:      :      :      400.0:        0.0:        0.0:      442.4:   325.7:     0.0:
:--------:-----------:------:------:------:-----------:-----------:-----------:-----------:--------:--------:

============================================== CUMULATIVE PRODUCTION/INJECTION TOTALS ==============================================
:  WELL  : LOCATION  :  WELL  :CTRL:    OIL    :   WATER   :    GAS    :   Prod    :    OIL    :   WATER   :    GAS    :    INJ    :
:  NAME  :  (I,J,K)  :  TYPE  :MODE:   PROD    :   PROD    :   PROD    : RES.VOL.  :    INJ    :    INJ    :    INJ    : RES.VOL.  :
:        :           :        :    :   MSCM    :   MSCM    :   MMSCM   :   MRCM    :   MSCM    :   MSCM    :   MMSCM   :   MRCM    :
====================================================================================================================================
:FIELD   :           :        :    :        0.0:        0.0:        0.0:        0.0:       12.4:        0.0:        0.0:       13.7:
:G1      :           :        :    :        0.0:        0.0:        0.0:        0.0:       12.4:        0.0:        0.0:       13.7:
:INJ     : 10,  1    :     INJ:WRAT:        0.0:        0.0:        0.0:        0.0:        0.0:        0.0:        0.0:        0.0:
:OILINJ  :  1,  1    :     INJ:ORAT:        0.0:        0.0:        0.0:        0.0:       12.4:        0.0:        0.0:       13.7:
:--------:-----------:--------:----:-----------:-----------:-----------:-----------:-----------:-----------:-----------:-----------:


Report step  1/16 at day 31/472, date = 01-Feb-2015

Starting time step 0, stepsize 11.6123 days, at day 31/59, date = 01-Feb-2015
 Newton its= 2, linearizations= 3 (0.0sec), linear its=  0 (0.0sec)
Restart file written for report step  1/16, date = 01-Feb-2015 00:00:00

Starting time step 1, stepsize 8.19386 days, at day 42.6123/59, date = 12-Feb-2015
 Newton its= 2, linearizations= 3 (0.0sec), linear its=  0 (0.0sec)

Starting time step 2, stepsize 8.19386 days, at day 50.8061/59, date = 20-Feb-2015

Warning: Keyword 'WELLS' is unhandled for output to restart file.
 Newton its= 2, linearizations= 3 (0.0sec), linear its=  0 (0.0sec)

                              **************************************************************************
  WELLS    AT        59  DAYS *                 SPE1 - CASE 2                                          *
  REPORT    2    01 Mar 2015  *                                             Flow  version 2025.10-pre  *
                              **************************************************************************


======================================================= PRODUCTION REPORT =======================================================
:  WELL  : LOCATION  :CTRL:    OIL    :   WATER   :    GAS    :   FLUID   :   WATER   : GAS/OIL  :  WAT/GAS   : BHP OR : THP OR :
:  NAME  :  (I,J,K)  :MODE:   RATE    :   RATE    :   RATE    : RES.VOL.  :    CUT    :  RATIO   :   RATIO    :CON.PR. :BLK.PR. :
:        :           :    :  SCM/DAY  :  SCM/DAY  :  RCM/DAY  :  SCM/SCM  :  SCM/SCM  : SCM/SCM  :  SCM/SCM   : BARSA  : BARSA  :
=================================================================================================================================
:FIELD   :           :    :       -0.0:       -0.0:       -0.0:       -0.0:      0.000:      0.00:      0.0000:        :        :
:G1      :           :    :       -0.0:       -0.0:       -0.0:       -0.0:      0.000:      0.00:      0.0000:        :        :
:--------:-----------:----:-----------:-----------:-----------:-----------:-----------:----------:------------:--------:--------:

============================================= INJECTION REPORT ==============================================
:  WELL  : LOCATION  : CTRL : CTRL : CTRL :    OIL    :   WATER   :    GAS    :   FLUID   : BHP OR : THP OR :
:  NAME  :  (I,J,K)  : MODE : MODE : MODE :   RATE    :   RATE    :   RATE    : RES.VOL.  :CON.PR. :BLK.PR. :
:        :           : OIL  : WAT  : GAS  :  SCM/DAY  :  SCM/DAY  :  SCM/DAY  :  RCM/DAY  : BARSA  : BARSA  :
=============================================================================================================
:FIELD   :           :      :      :      :      400.0:        0.0:        0.0:      442.3:        :        :
:G1      :           :      :      :      :      400.0:        0.0:        0.0:      442.3:        :        :
:INJ     : 10,  1    :      :  WRAT:      :        0.0:        0.0:        0.0:        0.0:     0.0:     0.0:
:OILINJ  :  1,  1    :  ORAT:      :      :      400.0:        0.0:        0.0:      442.3:   449.9:     0.0:
:--------:-----------:------:------:------:-----------:-----------:-----------:-----------:--------:--------:

============================================== CUMULATIVE PRODUCTION/INJECTION TOTALS ==============================================
:  WELL  : LOCATION  :  WELL  :CTRL:    OIL    :   WATER   :    GAS    :   Prod    :    OIL    :   WATER   :    GAS    :    INJ    :
:  NAME  :  (I,J,K)  :  TYPE  :MODE:   PROD    :   PROD    :   PROD    : RES.VOL.  :    INJ    :    INJ    :    INJ    : RES.VOL.  :
:        :           :        :    :   MSCM    :   MSCM    :   MMSCM   :   MRCM    :   MSCM    :   MSCM    :   MMSCM   :   MRCM    :
====================================================================================================================================
:FIELD   :           :        :    :        0.0:        0.0:        0.0:        0.0:       23.6:        0.0:        0.0:       26.1:
:G1      :           :        :    :        0.0:        0.0:        0.0:        0.0:       23.6:        0.0:        0.0:       26.1:
:INJ     : 10,  1    :     INJ:WRAT:        0.0:        0.0:        0.0:        0.0:        0.0:        0.0:        0.0:        0.0:
:OILINJ  :  1,  1    :     INJ:ORAT:        0.0:        0.0:        0.0:        0.0:       23.6:        0.0:        0.0:       26.1:
:--------:-----------:--------:----:-----------:-----------:-----------:-----------:-----------:-----------:-----------:-----------:


Report step  2/16 at day 59/472, date = 01-Mar-2015

Starting time step 0, stepsize 13.2079 days, at day 59/90, date = 01-Mar-2015
Restart file written for report step  2/16, date = 01-Mar-2015 00:00:00
    Well INJ control mode changed from RATE to BHP
 Newton its= 5, linearizations= 6 (0.0sec), linear its=  0 (0.0sec)

Starting time step 1, stepsize 4.67462 days, at day 72.2079/90, date = 14-Mar-2015
 Newton its= 2, linearizations= 3 (0.0sec), linear its=  0 (0.0sec)

Starting time step 2, stepsize 13.1175 days, at day 76.8825/90, date = 18-Mar-2015

Warning: Keyword 'WELLS' is unhandled for output to restart file.
 Newton its= 2, linearizations= 3 (0.0sec), linear its=  0 (0.0sec)

                              **************************************************************************
  WELLS    AT        90  DAYS *                 SPE1 - CASE 2                                          *
  REPORT    3    01 Apr 2015  *                                             Flow  version 2025.10-pre  *
                              **************************************************************************


======================================================= PRODUCTION REPORT =======================================================
:  WELL  : LOCATION  :CTRL:    OIL    :   WATER   :    GAS    :   FLUID   :   WATER   : GAS/OIL  :  WAT/GAS   : BHP OR : THP OR :
:  NAME  :  (I,J,K)  :MODE:   RATE    :   RATE    :   RATE    : RES.VOL.  :    CUT    :  RATIO   :   RATIO    :CON.PR. :BLK.PR. :
:        :           :    :  SCM/DAY  :  SCM/DAY  :  RCM/DAY  :  SCM/SCM  :  SCM/SCM  : SCM/SCM  :  SCM/SCM   : BARSA  : BARSA  :
=================================================================================================================================
:FIELD   :           :    :       -0.0:       -0.0:       -0.0:       -0.0:      0.000:      0.00:      0.0000:        :        :
:G1      :           :    :       -0.0:       -0.0:       -0.0:       -0.0:      0.000:      0.00:      0.0000:        :        :
:--------:-----------:----:-----------:-----------:-----------:-----------:-----------:----------:------------:--------:--------:

============================================= INJECTION REPORT ==============================================
:  WELL  : LOCATION  : CTRL : CTRL : CTRL :    OIL    :   WATER   :    GAS    :   FLUID   : BHP OR : THP OR :
:  NAME  :  (I,J,K)  : MODE : MODE : MODE :   RATE    :   RATE    :   RATE    : RES.VOL.  :CON.PR. :BLK.PR. :
:        :           : OIL  : WAT  : GAS  :  SCM/DAY  :  SCM/DAY  :  SCM/DAY  :  RCM/DAY  : BARSA  : BARSA  :
=============================================================================================================
:FIELD   :           :      :      :      :        0.0:       97.1:        0.0:       97.5:        :        :
:G1      :           :      :      :      :        0.0:       97.1:        0.0:       97.5:        :        :
:INJ     : 10,  1    :      :  WRAT:      :        0.0:       97.1:        0.0:       97.5:  1000.0:     0.0:
:OILINJ  :  1,  1    :  ORAT:      :      :        0.0:        0.0:        0.0:        0.0:     0.0:     0.0:
:--------:-----------:------:------:------:-----------:-----------:-----------:-----------:--------:--------:

============================================== CUMULATIVE PRODUCTION/INJECTION TOTALS ==============================================
:  WELL  : LOCATION  :  WELL  :CTRL:    OIL    :   WATER   :    GAS    :   Prod    :    OIL    :   WATER   :    GAS    :    INJ    :
:  NAME  :  (I,J,K)  :  TYPE  :MODE:   PROD    :   PROD    :   PROD    : RES.VOL.  :    INJ    :    INJ    :    INJ    : RES.VOL.  :
:        :           :        :    :   MSCM    :   MSCM    :   MMSCM   :   MRCM    :   MSCM    :   MSCM    :   MMSCM   :   MRCM    :
====================================================================================================================================
:FIELD   :           :        :    :        0.0:        0.0:        0.0:        0.0:       23.6:       54.4:        0.0:       82.0:
:G1      :           :        :    :        0.0:        0.0:        0.0:        0.0:       23.6:       54.4:        0.0:       82.0:
:INJ     : 10,  1    :     INJ:WRAT:        0.0:        0.0:        0.0:        0.0:        0.0:       54.4:        0.0:       55.9:
:OILINJ  :  1,  1    :     INJ:ORAT:        0.0:        0.0:        0.0:        0.0:       23.6:        0.0:        0.0:       26.1:
:--------:-----------:--------:----:-----------:-----------:-----------:-----------:-----------:-----------:-----------:-----------:


Report step  3/16 at day 90/472, date = 01-Apr-2015

Starting time step 0, stepsize 28 days, at day 90/118, date = 01-Apr-2015

Warning: Keyword 'WELLS' is unhandled for output to restart file.
Restart file written for report step  3/16, date = 01-Apr-2015 00:00:00
 Newton its= 1, linearizations= 2 (0.0sec), linear its=  0 (0.0sec)

                              **************************************************************************
  WELLS    AT       118  DAYS *                 SPE1 - CASE 2                                          *
  REPORT    4    29 Apr 2015  *                                             Flow  version 2025.10-pre  *
                              **************************************************************************


======================================================= PRODUCTION REPORT =======================================================
:  WELL  : LOCATION  :CTRL:    OIL    :   WATER   :    GAS    :   FLUID   :   WATER   : GAS/OIL  :  WAT/GAS   : BHP OR : THP OR :
:  NAME  :  (I,J,K)  :MODE:   RATE    :   RATE    :   RATE    : RES.VOL.  :    CUT    :  RATIO   :   RATIO    :CON.PR. :BLK.PR. :
:        :           :    :  SCM/DAY  :  SCM/DAY  :  RCM/DAY  :  SCM/SCM  :  SCM/SCM  : SCM/SCM  :  SCM/SCM   : BARSA  : BARSA  :
=================================================================================================================================
:FIELD   :           :    :       -0.0:       -0.0:       -0.0:       -0.0:      0.000:      0.00:      0.0000:        :        :
:G1      :           :    :       -0.0:       -0.0:       -0.0:       -0.0:      0.000:      0.00:      0.0000:        :        :
:--------:-----------:----:-----------:-----------:-----------:-----------:-----------:----------:------------:--------:--------:

============================================= INJECTION REPORT ==============================================
:  WELL  : LOCATION  : CTRL : CTRL : CTRL :    OIL    :   WATER   :    GAS    :   FLUID   : BHP OR : THP OR :
:  NAME  :  (I,J,K)  : MODE : MODE : MODE :   RATE    :   RATE    :   RATE    : RES.VOL.  :CON.PR. :BLK.PR. :
:        :           : OIL  : WAT  : GAS  :  SCM/DAY  :  SCM/DAY  :  SCM/DAY  :  RCM/DAY  : BARSA  : BARSA  :
=============================================================================================================
:FIELD   :           :      :      :      :        0.0:        5.7:        0.0:        5.7:        :        :
:G1      :           :      :      :      :        0.0:        5.7:        0.0:        5.7:        :        :
:INJ     : 10,  1    :      :  WRAT:      :        0.0:        5.7:        0.0:        5.7:  1000.0:     0.0:
:OILINJ  :  1,  1    :  ORAT:      :      :        0.0:        0.0:        0.0:        0.0:     0.0:     0.0:
:--------:-----------:------:------:------:-----------:-----------:-----------:-----------:--------:--------:

============================================== CUMULATIVE PRODUCTION/INJECTION TOTALS ==============================================
:  WELL  : LOCATION  :  WELL  :CTRL:    OIL    :   WATER   :    GAS    :   Prod    :    OIL    :   WATER   :    GAS    :    INJ    :
:  NAME  :  (I,J,K)  :  TYPE  :MODE:   PROD    :   PROD    :   PROD    : RES.VOL.  :    INJ    :    INJ    :    INJ    : RES.VOL.  :
:        :           :        :    :   MSCM    :   MSCM    :   MMSCM   :   MRCM    :   MSCM    :   MSCM    :   MMSCM   :   MRCM    :
====================================================================================================================================
:FIELD   :           :        :    :        0.0:        0.0:        0.0:        0.0:       23.6:       54.5:        0.0:       82.1:
:G1      :           :        :    :        0.0:        0.0:        0.0:        0.0:       23.6:       54.5:        0.0:       82.1:
:INJ     : 10,  1    :     INJ:WRAT:        0.0:        0.0:        0.0:        0.0:        0.0:       54.5:        0.0:       56.0:
:OILINJ  :  1,  1    :     INJ:ORAT:        0.0:        0.0:        0.0:        0.0:       23.6:        0.0:        0.0:       26.1:
:--------:-----------:--------:----:-----------:-----------:-----------:-----------:-----------:-----------:-----------:-----------:


Report step  4/16 at day 118/472, date = 29-Apr-2015

Starting time step 0, stepsize 31 days, at day 118/149, date = 29-Apr-2015

Warning: Keyword 'WELLS' is unhandled for output to restart file.
Restart file written for report step  4/16, date = 29-Apr-2015 00:00:00
 Newton its= 1, linearizations= 2 (0.0sec), linear its=  0 (0.0sec)

                              **************************************************************************
  WELLS    AT       149  DAYS *                 SPE1 - CASE 2                                          *
  REPORT    5    30 May 2015  *                                             Flow  version 2025.10-pre  *
                              **************************************************************************


======================================================= PRODUCTION REPORT =======================================================
:  WELL  : LOCATION  :CTRL:    OIL    :   WATER   :    GAS    :   FLUID   :   WATER   : GAS/OIL  :  WAT/GAS   : BHP OR : THP OR :
:  NAME  :  (I,J,K)  :MODE:   RATE    :   RATE    :   RATE    : RES.VOL.  :    CUT    :  RATIO   :   RATIO    :CON.PR. :BLK.PR. :
:        :           :    :  SCM/DAY  :  SCM/DAY  :  RCM/DAY  :  SCM/SCM  :  SCM/SCM  : SCM/SCM  :  SCM/SCM   : BARSA  : BARSA  :
=================================================================================================================================
:FIELD   :           :    :       -0.0:       -0.0:       -0.0:       -0.0:      0.000:      0.00:      0.0000:        :        :
:G1      :           :    :       -0.0:       -0.0:       -0.0:       -0.0:      0.000:      0.00:      0.0000:        :        :
:--------:-----------:----:-----------:-----------:-----------:-----------:-----------:----------:------------:--------:--------:

============================================= INJECTION REPORT ==============================================
:  WELL  : LOCATION  : CTRL : CTRL : CTRL :    OIL    :   WATER   :    GAS    :   FLUID   : BHP OR : THP OR :
:  NAME  :  (I,J,K)  : MODE : MODE : MODE :   RATE    :   RATE    :   RATE    : RES.VOL.  :CON.PR. :BLK.PR. :
:        :           : OIL  : WAT  : GAS  :  SCM/DAY  :  SCM/DAY  :  SCM/DAY  :  RCM/DAY  : BARSA  : BARSA  :
=============================================================================================================
:FIELD   :           :      :      :      :        0.3:        0.0:        0.0:        0.3:        :        :
:G1      :           :      :      :      :        0.3:        0.0:        0.0:        0.3:        :        :
:INJ     : 10,  1    :      :  WRAT:      :        0.0:        0.0:        0.0:        0.0:     0.0:     0.0:
:OILINJ  :  1,  1    :  ORAT:      :      :        0.3:        0.0:        0.0:        0.3:  1000.0:     0.0:
:--------:-----------:------:------:------:-----------:-----------:-----------:-----------:--------:--------:

============================================== CUMULATIVE PRODUCTION/INJECTION TOTALS ==============================================
:  WELL  : LOCATION  :  WELL  :CTRL:    OIL    :   WATER   :    GAS    :   Prod    :    OIL    :   WATER   :    GAS    :    INJ    :
:  NAME  :  (I,J,K)  :  TYPE  :MODE:   PROD    :   PROD    :   PROD    : RES.VOL.  :    INJ    :    INJ    :    INJ    : RES.VOL.  :
:        :           :        :    :   MSCM    :   MSCM    :   MMSCM   :   MRCM    :   MSCM    :   MSCM    :   MMSCM   :   MRCM    :
====================================================================================================================================
:FIELD   :           :        :    :        0.0:        0.0:        0.0:        0.0:       23.6:       54.5:        0.0:       82.1:
:G1      :           :        :    :        0.0:        0.0:        0.0:        0.0:       23.6:       54.5:        0.0:       82.1:
:INJ     : 10,  1    :     INJ:WRAT:        0.0:        0.0:        0.0:        0.0:        0.0:       54.5:        0.0:       56.0:
:OILINJ  :  1,  1    :     INJ:ORAT:        0.0:        0.0:        0.0:        0.0:       23.6:        0.0:        0.0:       26.1:
:--------:-----------:--------:----:-----------:-----------:-----------:-----------:-----------:-----------:-----------:-----------:


Report step  5/16 at day 149/472, date = 30-May-2015

Starting time step 0, stepsize 28 days, at day 149/177, date = 30-May-2015

Warning: Keyword 'WELLS' is unhandled for output to restart file.
 Newton its= 1, linearizations= 2 (0.0sec), linear its=  0 (0.0sec)
Restart file written for report step  5/16, date = 30-May-2015 00:00:00

                              **************************************************************************
  WELLS    AT       177  DAYS *                 SPE1 - CASE 2                                          *
  REPORT    6    27 Jun 2015  *                                             Flow  version 2025.10-pre  *
                              **************************************************************************


======================================================= PRODUCTION REPORT =======================================================
:  WELL  : LOCATION  :CTRL:    OIL    :   WATER   :    GAS    :   FLUID   :   WATER   : GAS/OIL  :  WAT/GAS   : BHP OR : THP OR :
:  NAME  :  (I,J,K)  :MODE:   RATE    :   RATE    :   RATE    : RES.VOL.  :    CUT    :  RATIO   :   RATIO    :CON.PR. :BLK.PR. :
:        :           :    :  SCM/DAY  :  SCM/DAY  :  RCM/DAY  :  SCM/SCM  :  SCM/SCM  : SCM/SCM  :  SCM/SCM   : BARSA  : BARSA  :
=================================================================================================================================
:FIELD   :           :    :       -0.0:       -0.0:       -0.0:       -0.0:      0.000:      0.00:      0.0000:        :        :
:G1      :           :    :       -0.0:       -0.0:       -0.0:       -0.0:      0.000:      0.00:      0.0000:        :        :
:--------:-----------:----:-----------:-----------:-----------:-----------:-----------:----------:------------:--------:--------:

============================================= INJECTION REPORT ==============================================
:  WELL  : LOCATION  : CTRL : CTRL : CTRL :    OIL    :   WATER   :    GAS    :   FLUID   : BHP OR : THP OR :
:  NAME  :  (I,J,K)  : MODE : MODE : MODE :   RATE    :   RATE    :   RATE    : RES.VOL.  :CON.PR. :BLK.PR. :
:        :           : OIL  : WAT  : GAS  :  SCM/DAY  :  SCM/DAY  :  SCM/DAY  :  RCM/DAY  : BARSA  : BARSA  :
=============================================================================================================
:FIELD   :           :      :      :      :        0.0:        0.0:        0.0:        0.0:        :        :
:G1      :           :      :      :      :        0.0:        0.0:        0.0:        0.0:        :        :
:INJ     : 10,  1    :      :  WRAT:      :        0.0:        0.0:        0.0:        0.0:     0.0:     0.0:
:OILINJ  :  1,  1    :  ORAT:      :      :        0.0:        0.0:        0.0:        0.0:  1000.0:     0.0:
:--------:-----------:------:------:------:-----------:-----------:-----------:-----------:--------:--------:

============================================== CUMULATIVE PRODUCTION/INJECTION TOTALS ==============================================
:  WELL  : LOCATION  :  WELL  :CTRL:    OIL    :   WATER   :    GAS    :   Prod    :    OIL    :   WATER   :    GAS    :    INJ    :
:  NAME  :  (I,J,K)  :  TYPE  :MODE:   PROD    :   PROD    :   PROD    : RES.VOL.  :    INJ    :    INJ    :    INJ    : RES.VOL.  :
:        :           :        :    :   MSCM    :   MSCM    :   MMSCM   :   MRCM    :   MSCM    :   MSCM    :   MMSCM   :   MRCM    :
====================================================================================================================================
:FIELD   :           :        :    :        0.0:        0.0:        0.0:        0.0:       23.6:       54.5:        0.0:       82.1:
:G1      :           :        :    :        0.0:        0.0:        0.0:        0.0:       23.6:       54.5:        0.0:       82.1:
:INJ     : 10,  1    :     INJ:WRAT:        0.0:        0.0:        0.0:        0.0:        0.0:       54.5:        0.0:       56.0:
:OILINJ  :  1,  1    :     INJ:ORAT:        0.0:        0.0:        0.0:        0.0:       23.6:        0.0:        0.0:       26.1:
:--------:-----------:--------:----:-----------:-----------:-----------:-----------:-----------:-----------:-----------:-----------:


Report step  6/16 at day 177/472, date = 27-Jun-2015

Starting time step 0, stepsize 31 days, at day 177/208, date = 27-Jun-2015

Warning: Keyword 'WELLS' is unhandled for output to restart file.
 Newton its= 1, linearizations= 2 (0.0sec), linear its=  0 (0.0sec)
Restart file written for report step  6/16, date = 27-Jun-2015 00:00:00

                              **************************************************************************
  WELLS    AT       208  DAYS *                 SPE1 - CASE 2                                          *
  REPORT    7    28 Jul 2015  *                                             Flow  version 2025.10-pre  *
                              **************************************************************************


======================================================= PRODUCTION REPORT =======================================================
:  WELL  : LOCATION  :CTRL:    OIL    :   WATER   :    GAS    :   FLUID   :   WATER   : GAS/OIL  :  WAT/GAS   : BHP OR : THP OR :
:  NAME  :  (I,J,K)  :MODE:   RATE    :   RATE    :   RATE    : RES.VOL.  :    CUT    :  RATIO   :   RATIO    :CON.PR. :BLK.PR. :
:        :           :    :  SCM/DAY  :  SCM/DAY  :  RCM/DAY  :  SCM/SCM  :  SCM/SCM  : SCM/SCM  :  SCM/SCM   : BARSA  : BARSA  :
=================================================================================================================================
:FIELD   :           :    :       -0.0:       -0.0:       -0.0:       -0.0:      0.000:      0.00:      0.0000:        :        :
:G1      :           :    :       -0.0:       -0.0:       -0.0:       -0.0:      0.000:      0.00:      0.0000:        :        :
:--------:-----------:----:-----------:-----------:-----------:-----------:-----------:----------:------------:--------:--------:

============================================= INJECTION REPORT ==============================================
:  WELL  : LOCATION  : CTRL : CTRL : CTRL :    OIL    :   WATER   :    GAS    :   FLUID   : BHP OR : THP OR :
:  NAME  :  (I,J,K)  : MODE : MODE : MODE :   RATE    :   RATE    :   RATE    : RES.VOL.  :CON.PR. :BLK.PR. :
:        :           : OIL  : WAT  : GAS  :  SCM/DAY  :  SCM/DAY  :  SCM/DAY  :  RCM/DAY  : BARSA  : BARSA  :
=============================================================================================================
:FIELD   :           :      :      :      :        0.0:        0.0:        0.0:        0.0:        :        :
:G1      :           :      :      :      :        0.0:        0.0:        0.0:        0.0:        :        :
:INJ     : 10,  1    :      :  WRAT:      :        0.0:        0.0:        0.0:        0.0:     0.0:     0.0:
:OILINJ  :  1,  1    :  ORAT:      :      :        0.0:        0.0:        0.0:        0.0:  1000.0:     0.0:
:--------:-----------:------:------:------:-----------:-----------:-----------:-----------:--------:--------:

============================================== CUMULATIVE PRODUCTION/INJECTION TOTALS ==============================================
:  WELL  : LOCATION  :  WELL  :CTRL:    OIL    :   WATER   :    GAS    :   Prod    :    OIL    :   WATER   :    GAS    :    INJ    :
:  NAME  :  (I,J,K)  :  TYPE  :MODE:   PROD    :   PROD    :   PROD    : RES.VOL.  :    INJ    :    INJ    :    INJ    : RES.VOL.  :
:        :           :        :    :   MSCM    :   MSCM    :   MMSCM   :   MRCM    :   MSCM    :   MSCM    :   MMSCM   :   MRCM    :
====================================================================================================================================
:FIELD   :           :        :    :        0.0:        0.0:        0.0:        0.0:       23.6:       54.5:        0.0:       82.1:
:G1      :           :        :    :        0.0:        0.0:        0.0:        0.0:       23.6:       54.5:        0.0:       82.1:
:INJ     : 10,  1    :     INJ:WRAT:        0.0:        0.0:        0.0:        0.0:        0.0:       54.5:        0.0:       56.0:
:OILINJ  :  1,  1    :     INJ:ORAT:        0.0:        0.0:        0.0:        0.0:       23.6:        0.0:        0.0:       26.1:
:--------:-----------:--------:----:-----------:-----------:-----------:-----------:-----------:-----------:-----------:-----------:


Report step  7/16 at day 208/472, date = 28-Jul-2015

Starting time step 0, stepsize 28 days, at day 208/236, date = 28-Jul-2015
Restart file written for report step  7/16, date = 28-Jul-2015 00:00:00

Warning: Keyword 'WELLS' is unhandled for output to restart file.
 Newton its= 1, linearizations= 2 (0.0sec), linear its=  0 (0.0sec)

                              **************************************************************************
  WELLS    AT       236  DAYS *                 SPE1 - CASE 2                                          *
  REPORT    8    25 Aug 2015  *                                             Flow  version 2025.10-pre  *
                              **************************************************************************


======================================================= PRODUCTION REPORT =======================================================
:  WELL  : LOCATION  :CTRL:    OIL    :   WATER   :    GAS    :   FLUID   :   WATER   : GAS/OIL  :  WAT/GAS   : BHP OR : THP OR :
:  NAME  :  (I,J,K)  :MODE:   RATE    :   RATE    :   RATE    : RES.VOL.  :    CUT    :  RATIO   :   RATIO    :CON.PR. :BLK.PR. :
:        :           :    :  SCM/DAY  :  SCM/DAY  :  RCM/DAY  :  SCM/SCM  :  SCM/SCM  : SCM/SCM  :  SCM/SCM   : BARSA  : BARSA  :
=================================================================================================================================
:FIELD   :           :    :       -0.0:       -0.0:       -0.0:       -0.0:      0.000:      0.00:      0.0000:        :        :
:G1      :           :    :       -0.0:       -0.0:       -0.0:       -0.0:      0.000:      0.00:      0.0000:        :        :
:--------:-----------:----:-----------:-----------:-----------:-----------:-----------:----------:------------:--------:--------:

============================================= INJECTION REPORT ==============================================
:  WELL  : LOCATION  : CTRL : CTRL : CTRL :    OIL    :   WATER   :    GAS    :   FLUID   : BHP OR : THP OR :
:  NAME  :  (I,J,K)  : MODE : MODE : MODE :   RATE    :   RATE    :   RATE    : RES.VOL.  :CON.PR. :BLK.PR. :
:        :           : OIL  : WAT  : GAS  :  SCM/DAY  :  SCM/DAY  :  SCM/DAY  :  RCM/DAY  : BARSA  : BARSA  :
=============================================================================================================
:FIELD   :           :      :      :      :        0.0:        0.0:        0.0:        0.0:        :        :
:G1      :           :      :      :      :        0.0:        0.0:        0.0:        0.0:        :        :
:INJ     : 10,  1    :      :  WRAT:      :        0.0:        0.0:        0.0:        0.0:     0.0:     0.0:
:OILINJ  :  1,  1    :  ORAT:      :      :        0.0:        0.0:        0.0:        0.0:  1000.0:     0.0:
:--------:-----------:------:------:------:-----------:-----------:-----------:-----------:--------:--------:

============================================== CUMULATIVE PRODUCTION/INJECTION TOTALS ==============================================
:  WELL  : LOCATION  :  WELL  :CTRL:    OIL    :   WATER   :    GAS    :   Prod    :    OIL    :   WATER   :    GAS    :    INJ    :
:  NAME  :  (I,J,K)  :  TYPE  :MODE:   PROD    :   PROD    :   PROD    : RES.VOL.  :    INJ    :    INJ    :    INJ    : RES.VOL.  :
:        :           :        :    :   MSCM    :   MSCM    :   MMSCM   :   MRCM    :   MSCM    :   MSCM    :   MMSCM   :   MRCM    :
====================================================================================================================================
:FIELD   :           :        :    :        0.0:        0.0:        0.0:        0.0:       23.6:       54.5:        0.0:       82.1:
:G1      :           :        :    :        0.0:        0.0:        0.0:        0.0:       23.6:       54.5:        0.0:       82.1:
:INJ     : 10,  1    :     INJ:WRAT:        0.0:        0.0:        0.0:        0.0:        0.0:       54.5:        0.0:       56.0:
:OILINJ  :  1,  1    :     INJ:ORAT:        0.0:        0.0:        0.0:        0.0:       23.6:        0.0:        0.0:       26.1:
:--------:-----------:--------:----:-----------:-----------:-----------:-----------:-----------:-----------:-----------:-----------:


Report step  8/16 at day 236/472, date = 25-Aug-2015

Starting time step 0, stepsize 31 days, at day 236/267, date = 25-Aug-2015

Warning: Keyword 'WELLS' is unhandled for output to restart file.
 Newton its= 1, linearizations= 2 (0.0sec), linear its=  0 (0.0sec)
Restart file written for report step  8/16, date = 25-Aug-2015 00:00:00

                              **************************************************************************
  WELLS    AT       267  DAYS *                 SPE1 - CASE 2                                          *
  REPORT    9    25 Sep 2015  *                                             Flow  version 2025.10-pre  *
                              **************************************************************************


======================================================= PRODUCTION REPORT =======================================================
:  WELL  : LOCATION  :CTRL:    OIL    :   WATER   :    GAS    :   FLUID   :   WATER   : GAS/OIL  :  WAT/GAS   : BHP OR : THP OR :
:  NAME  :  (I,J,K)  :MODE:   RATE    :   RATE    :   RATE    : RES.VOL.  :    CUT    :  RATIO   :   RATIO    :CON.PR. :BLK.PR. :
:        :           :    :  SCM/DAY  :  SCM/DAY  :  RCM/DAY  :  SCM/SCM  :  SCM/SCM  : SCM/SCM  :  SCM/SCM   : BARSA  : BARSA  :
=================================================================================================================================
:FIELD   :           :    :       -0.0:       -0.0:       -0.0:       -0.0:      0.000:      0.00:      0.0000:        :        :
:G1      :           :    :       -0.0:       -0.0:       -0.0:       -0.0:      0.000:      0.00:      0.0000:        :        :
:--------:-----------:----:-----------:-----------:-----------:-----------:-----------:----------:------------:--------:--------:

============================================= INJECTION REPORT ==============================================
:  WELL  : LOCATION  : CTRL : CTRL : CTRL :    OIL    :   WATER   :    GAS    :   FLUID   : BHP OR : THP OR :
:  NAME  :  (I,J,K)  : MODE : MODE : MODE :   RATE    :   RATE    :   RATE    : RES.VOL.  :CON.PR. :BLK.PR. :
:        :           : OIL  : WAT  : GAS  :  SCM/DAY  :  SCM/DAY  :  SCM/DAY  :  RCM/DAY  : BARSA  : BARSA  :
=============================================================================================================
:FIELD   :           :      :      :      :        0.0:        0.0:        0.0:        0.0:        :        :
:G1      :           :      :      :      :        0.0:        0.0:        0.0:        0.0:        :        :
:INJ     : 10,  1    :      :  WRAT:      :        0.0:        0.0:        0.0:        0.0:     0.0:     0.0:
:OILINJ  :  1,  1    :  ORAT:      :      :        0.0:        0.0:        0.0:        0.0:  1000.0:     0.0:
:--------:-----------:------:------:------:-----------:-----------:-----------:-----------:--------:--------:

============================================== CUMULATIVE PRODUCTION/INJECTION TOTALS ==============================================
:  WELL  : LOCATION  :  WELL  :CTRL:    OIL    :   WATER   :    GAS    :   Prod    :    OIL    :   WATER   :    GAS    :    INJ    :
:  NAME  :  (I,J,K)  :  TYPE  :MODE:   PROD    :   PROD    :   PROD    : RES.VOL.  :    INJ    :    INJ    :    INJ    : RES.VOL.  :
:        :           :        :    :   MSCM    :   MSCM    :   MMSCM   :   MRCM    :   MSCM    :   MSCM    :   MMSCM   :   MRCM    :
====================================================================================================================================
:FIELD   :           :        :    :        0.0:        0.0:        0.0:        0.0:       23.6:       54.5:        0.0:       82.1:
:G1      :           :        :    :        0.0:        0.0:        0.0:        0.0:       23.6:       54.5:        0.0:       82.1:
:INJ     : 10,  1    :     INJ:WRAT:        0.0:        0.0:        0.0:        0.0:        0.0:       54.5:        0.0:       56.0:
:OILINJ  :  1,  1    :     INJ:ORAT:        0.0:        0.0:        0.0:        0.0:       23.6:        0.0:        0.0:       26.1:
:--------:-----------:--------:----:-----------:-----------:-----------:-----------:-----------:-----------:-----------:-----------:


Report step  9/16 at day 267/472, date = 25-Sep-2015

Starting time step 0, stepsize 28 days, at day 267/295, date = 25-Sep-2015

Warning: Keyword 'WELLS' is unhandled for output to restart file.
 Newton its= 1, linearizations= 2 (0.0sec), linear its=  0 (0.0sec)
Restart file written for report step  9/16, date = 25-Sep-2015 00:00:00

                              **************************************************************************
  WELLS    AT       295  DAYS *                 SPE1 - CASE 2                                          *
  REPORT   10    23 Oct 2015  *                                             Flow  version 2025.10-pre  *
                              **************************************************************************


======================================================= PRODUCTION REPORT =======================================================
:  WELL  : LOCATION  :CTRL:    OIL    :   WATER   :    GAS    :   FLUID   :   WATER   : GAS/OIL  :  WAT/GAS   : BHP OR : THP OR :
:  NAME  :  (I,J,K)  :MODE:   RATE    :   RATE    :   RATE    : RES.VOL.  :    CUT    :  RATIO   :   RATIO    :CON.PR. :BLK.PR. :
:        :           :    :  SCM/DAY  :  SCM/DAY  :  RCM/DAY  :  SCM/SCM  :  SCM/SCM  : SCM/SCM  :  SCM/SCM   : BARSA  : BARSA  :
=================================================================================================================================
:FIELD   :           :    :       -0.0:       -0.0:       -0.0:       -0.0:      0.000:      0.00:      0.0000:        :        :
:G1      :           :    :       -0.0:       -0.0:       -0.0:       -0.0:      0.000:      0.00:      0.0000:        :        :
:--------:-----------:----:-----------:-----------:-----------:-----------:-----------:----------:------------:--------:--------:

============================================= INJECTION REPORT ==============================================
:  WELL  : LOCATION  : CTRL : CTRL : CTRL :    OIL    :   WATER   :    GAS    :   FLUID   : BHP OR : THP OR :
:  NAME  :  (I,J,K)  : MODE : MODE : MODE :   RATE    :   RATE    :   RATE    : RES.VOL.  :CON.PR. :BLK.PR. :
:        :           : OIL  : WAT  : GAS  :  SCM/DAY  :  SCM/DAY  :  SCM/DAY  :  RCM/DAY  : BARSA  : BARSA  :
=============================================================================================================
:FIELD   :           :      :      :      :        0.0:        0.0:        0.0:        0.0:        :        :
:G1      :           :      :      :      :        0.0:        0.0:        0.0:        0.0:        :        :
:INJ     : 10,  1    :      :  WRAT:      :        0.0:        0.0:        0.0:        0.0:     0.0:     0.0:
:OILINJ  :  1,  1    :  ORAT:      :      :        0.0:        0.0:        0.0:        0.0:  1000.0:     0.0:
:--------:-----------:------:------:------:-----------:-----------:-----------:-----------:--------:--------:

============================================== CUMULATIVE PRODUCTION/INJECTION TOTALS ==============================================
:  WELL  : LOCATION  :  WELL  :CTRL:    OIL    :   WATER   :    GAS    :   Prod    :    OIL    :   WATER   :    GAS    :    INJ    :
:  NAME  :  (I,J,K)  :  TYPE  :MODE:   PROD    :   PROD    :   PROD    : RES.VOL.  :    INJ    :    INJ    :    INJ    : RES.VOL.  :
:        :           :        :    :   MSCM    :   MSCM    :   MMSCM   :   MRCM    :   MSCM    :   MSCM    :   MMSCM   :   MRCM    :
====================================================================================================================================
:FIELD   :           :        :    :        0.0:        0.0:        0.0:        0.0:       23.6:       54.5:        0.0:       82.1:
:G1      :           :        :    :        0.0:        0.0:        0.0:        0.0:       23.6:       54.5:        0.0:       82.1:
:INJ     : 10,  1    :     INJ:WRAT:        0.0:        0.0:        0.0:        0.0:        0.0:       54.5:        0.0:       56.0:
:OILINJ  :  1,  1    :     INJ:ORAT:        0.0:        0.0:        0.0:        0.0:       23.6:        0.0:        0.0:       26.1:
:--------:-----------:--------:----:-----------:-----------:-----------:-----------:-----------:-----------:-----------:-----------:


Report step 10/16 at day 295/472, date = 23-Oct-2015

Starting time step 0, stepsize 31 days, at day 295/326, date = 23-Oct-2015

Warning: Keyword 'WELLS' is unhandled for output to restart file.
 Newton its= 1, linearizations= 2 (0.0sec), linear its=  0 (0.0sec)
Restart file written for report step 10/16, date = 23-Oct-2015 00:00:00

                              **************************************************************************
  WELLS    AT       326  DAYS *                 SPE1 - CASE 2                                          *
  REPORT   11    23 Nov 2015  *                                             Flow  version 2025.10-pre  *
                              **************************************************************************


======================================================= PRODUCTION REPORT =======================================================
:  WELL  : LOCATION  :CTRL:    OIL    :   WATER   :    GAS    :   FLUID   :   WATER   : GAS/OIL  :  WAT/GAS   : BHP OR : THP OR :
:  NAME  :  (I,J,K)  :MODE:   RATE    :   RATE    :   RATE    : RES.VOL.  :    CUT    :  RATIO   :   RATIO    :CON.PR. :BLK.PR. :
:        :           :    :  SCM/DAY  :  SCM/DAY  :  RCM/DAY  :  SCM/SCM  :  SCM/SCM  : SCM/SCM  :  SCM/SCM   : BARSA  : BARSA  :
=================================================================================================================================
:FIELD   :           :    :       -0.0:       -0.0:       -0.0:       -0.0:      0.000:      0.00:      0.0000:        :        :
:G1      :           :    :       -0.0:       -0.0:       -0.0:       -0.0:      0.000:      0.00:      0.0000:        :        :
:--------:-----------:----:-----------:-----------:-----------:-----------:-----------:----------:------------:--------:--------:

============================================= INJECTION REPORT ==============================================
:  WELL  : LOCATION  : CTRL : CTRL : CTRL :    OIL    :   WATER   :    GAS    :   FLUID   : BHP OR : THP OR :
:  NAME  :  (I,J,K)  : MODE : MODE : MODE :   RATE    :   RATE    :   RATE    : RES.VOL.  :CON.PR. :BLK.PR. :
:        :           : OIL  : WAT  : GAS  :  SCM/DAY  :  SCM/DAY  :  SCM/DAY  :  RCM/DAY  : BARSA  : BARSA  :
=============================================================================================================
:FIELD   :           :      :      :      :        0.0:        0.0:        0.0:        0.0:        :        :
:G1      :           :      :      :      :        0.0:        0.0:        0.0:        0.0:        :        :
:INJ     : 10,  1    :      :  WRAT:      :        0.0:        0.0:        0.0:        0.0:     0.0:     0.0:
:OILINJ  :  1,  1    :  ORAT:      :      :        0.0:        0.0:        0.0:        0.0:  1000.0:     0.0:
:--------:-----------:------:------:------:-----------:-----------:-----------:-----------:--------:--------:

============================================== CUMULATIVE PRODUCTION/INJECTION TOTALS ==============================================
:  WELL  : LOCATION  :  WELL  :CTRL:    OIL    :   WATER   :    GAS    :   Prod    :    OIL    :   WATER   :    GAS    :    INJ    :
:  NAME  :  (I,J,K)  :  TYPE  :MODE:   PROD    :   PROD    :   PROD    : RES.VOL.  :    INJ    :    INJ    :    INJ    : RES.VOL.  :
:        :           :        :    :   MSCM    :   MSCM    :   MMSCM   :   MRCM    :   MSCM    :   MSCM    :   MMSCM   :   MRCM    :
====================================================================================================================================
:FIELD   :           :        :    :        0.0:        0.0:        0.0:        0.0:       23.6:       54.5:        0.0:       82.1:
:G1      :           :        :    :        0.0:        0.0:        0.0:        0.0:       23.6:       54.5:        0.0:       82.1:
:INJ     : 10,  1    :     INJ:WRAT:        0.0:        0.0:        0.0:        0.0:        0.0:       54.5:        0.0:       56.0:
:OILINJ  :  1,  1    :     INJ:ORAT:        0.0:        0.0:        0.0:        0.0:       23.6:        0.0:        0.0:       26.1:
:--------:-----------:--------:----:-----------:-----------:-----------:-----------:-----------:-----------:-----------:-----------:


Report step 11/16 at day 326/472, date = 23-Nov-2015

Starting time step 0, stepsize 28 days, at day 326/354, date = 23-Nov-2015

Warning: Keyword 'WELLS' is unhandled for output to restart file.
 Newton its= 1, linearizations= 2 (0.0sec), linear its=  0 (0.0sec)
Restart file written for report step 11/16, date = 23-Nov-2015 00:00:00

                              **************************************************************************
  WELLS    AT       354  DAYS *                 SPE1 - CASE 2                                          *
  REPORT   12    21 Dec 2015  *                                             Flow  version 2025.10-pre  *
                              **************************************************************************


======================================================= PRODUCTION REPORT =======================================================
:  WELL  : LOCATION  :CTRL:    OIL    :   WATER   :    GAS    :   FLUID   :   WATER   : GAS/OIL  :  WAT/GAS   : BHP OR : THP OR :
:  NAME  :  (I,J,K)  :MODE:   RATE    :   RATE    :   RATE    : RES.VOL.  :    CUT    :  RATIO   :   RATIO    :CON.PR. :BLK.PR. :
:        :           :    :  SCM/DAY  :  SCM/DAY  :  RCM/DAY  :  SCM/SCM  :  SCM/SCM  : SCM/SCM  :  SCM/SCM   : BARSA  : BARSA  :
=================================================================================================================================
:FIELD   :           :    :       -0.0:       -0.0:       -0.0:       -0.0:      0.000:      0.00:      0.0000:        :        :
:G1      :           :    :       -0.0:       -0.0:       -0.0:       -0.0:      0.000:      0.00:      0.0000:        :        :
:--------:-----------:----:-----------:-----------:-----------:-----------:-----------:----------:------------:--------:--------:

============================================= INJECTION REPORT ==============================================
:  WELL  : LOCATION  : CTRL : CTRL : CTRL :    OIL    :   WATER   :    GAS    :   FLUID   : BHP OR : THP OR :
:  NAME  :  (I,J,K)  : MODE : MODE : MODE :   RATE    :   RATE    :   RATE    : RES.VOL.  :CON.PR. :BLK.PR. :
:        :           : OIL  : WAT  : GAS  :  SCM/DAY  :  SCM/DAY  :  SCM/DAY  :  RCM/DAY  : BARSA  : BARSA  :
=============================================================================================================
:FIELD   :           :      :      :      :        0.0:        0.0:        0.0:        0.0:        :        :
:G1      :           :      :      :      :        0.0:        0.0:        0.0:        0.0:        :        :
:INJ     : 10,  1    :      :  WRAT:      :        0.0:        0.0:        0.0:        0.0:     0.0:     0.0:
:OILINJ  :  1,  1    :  ORAT:      :      :        0.0:        0.0:        0.0:        0.0:  1000.0:     0.0:
:--------:-----------:------:------:------:-----------:-----------:-----------:-----------:--------:--------:

============================================== CUMULATIVE PRODUCTION/INJECTION TOTALS ==============================================
:  WELL  : LOCATION  :  WELL  :CTRL:    OIL    :   WATER   :    GAS    :   Prod    :    OIL    :   WATER   :    GAS    :    INJ    :
:  NAME  :  (I,J,K)  :  TYPE  :MODE:   PROD    :   PROD    :   PROD    : RES.VOL.  :    INJ    :    INJ    :    INJ    : RES.VOL.  :
:        :           :        :    :   MSCM    :   MSCM    :   MMSCM   :   MRCM    :   MSCM    :   MSCM    :   MMSCM   :   MRCM    :
====================================================================================================================================
:FIELD   :           :        :    :        0.0:        0.0:        0.0:        0.0:       23.6:       54.5:        0.0:       82.1:
:G1      :           :        :    :        0.0:        0.0:        0.0:        0.0:       23.6:       54.5:        0.0:       82.1:
:INJ     : 10,  1    :     INJ:WRAT:        0.0:        0.0:        0.0:        0.0:        0.0:       54.5:        0.0:       56.0:
:OILINJ  :  1,  1    :     INJ:ORAT:        0.0:        0.0:        0.0:        0.0:       23.6:        0.0:        0.0:       26.1:
:--------:-----------:--------:----:-----------:-----------:-----------:-----------:-----------:-----------:-----------:-----------:


Report step 12/16 at day 354/472, date = 21-Dec-2015

Starting time step 0, stepsize 31 days, at day 354/385, date = 21-Dec-2015

Warning: Keyword 'WELLS' is unhandled for output to restart file.
 Newton its= 1, linearizations= 2 (0.0sec), linear its=  0 (0.0sec)
Restart file written for report step 12/16, date = 21-Dec-2015 00:00:00

                              **************************************************************************
  WELLS    AT       385  DAYS *                 SPE1 - CASE 2                                          *
  REPORT   13    21 Jan 2016  *                                             Flow  version 2025.10-pre  *
                              **************************************************************************


======================================================= PRODUCTION REPORT =======================================================
:  WELL  : LOCATION  :CTRL:    OIL    :   WATER   :    GAS    :   FLUID   :   WATER   : GAS/OIL  :  WAT/GAS   : BHP OR : THP OR :
:  NAME  :  (I,J,K)  :MODE:   RATE    :   RATE    :   RATE    : RES.VOL.  :    CUT    :  RATIO   :   RATIO    :CON.PR. :BLK.PR. :
:        :           :    :  SCM/DAY  :  SCM/DAY  :  RCM/DAY  :  SCM/SCM  :  SCM/SCM  : SCM/SCM  :  SCM/SCM   : BARSA  : BARSA  :
=================================================================================================================================
:FIELD   :           :    :       -0.0:       -0.0:       -0.0:       -0.0:      0.000:      0.00:      0.0000:        :        :
:G1      :           :    :       -0.0:       -0.0:       -0.0:       -0.0:      0.000:      0.00:      0.0000:        :        :
:--------:-----------:----:-----------:-----------:-----------:-----------:-----------:----------:------------:--------:--------:

============================================= INJECTION REPORT ==============================================
:  WELL  : LOCATION  : CTRL : CTRL : CTRL :    OIL    :   WATER   :    GAS    :   FLUID   : BHP OR : THP OR :
:  NAME  :  (I,J,K)  : MODE : MODE : MODE :   RATE    :   RATE    :   RATE    : RES.VOL.  :CON.PR. :BLK.PR. :
:        :           : OIL  : WAT  : GAS  :  SCM/DAY  :  SCM/DAY  :  SCM/DAY  :  RCM/DAY  : BARSA  : BARSA  :
=============================================================================================================
:FIELD   :           :      :      :      :        0.0:        0.0:        0.0:        0.0:        :        :
:G1      :           :      :      :      :        0.0:        0.0:        0.0:        0.0:        :        :
:INJ     : 10,  1    :      :  WRAT:      :        0.0:        0.0:        0.0:        0.0:     0.0:     0.0:
:OILINJ  :  1,  1    :  ORAT:      :      :        0.0:        0.0:        0.0:        0.0:  1000.0:     0.0:
:--------:-----------:------:------:------:-----------:-----------:-----------:-----------:--------:--------:

============================================== CUMULATIVE PRODUCTION/INJECTION TOTALS ==============================================
:  WELL  : LOCATION  :  WELL  :CTRL:    OIL    :   WATER   :    GAS    :   Prod    :    OIL    :   WATER   :    GAS    :    INJ    :
:  NAME  :  (I,J,K)  :  TYPE  :MODE:   PROD    :   PROD    :   PROD    : RES.VOL.  :    INJ    :    INJ    :    INJ    : RES.VOL.  :
:        :           :        :    :   MSCM    :   MSCM    :   MMSCM   :   MRCM    :   MSCM    :   MSCM    :   MMSCM   :   MRCM    :
====================================================================================================================================
:FIELD   :           :        :    :        0.0:        0.0:        0.0:        0.0:       23.6:       54.5:        0.0:       82.1:
:G1      :           :        :    :        0.0:        0.0:        0.0:        0.0:       23.6:       54.5:        0.0:       82.1:
:INJ     : 10,  1    :     INJ:WRAT:        0.0:        0.0:        0.0:        0.0:        0.0:       54.5:        0.0:       56.0:
:OILINJ  :  1,  1    :     INJ:ORAT:        0.0:        0.0:        0.0:        0.0:       23.6:        0.0:        0.0:       26.1:
:--------:-----------:--------:----:-----------:-----------:-----------:-----------:-----------:-----------:-----------:-----------:


Report step 13/16 at day 385/472, date = 21-Jan-2016

Starting time step 0, stepsize 28 days, at day 385/413, date = 21-Jan-2016

Warning: Keyword 'WELLS' is unhandled for output to restart file.
 Newton its= 1, linearizations= 2 (0.0sec), linear its=  0 (0.0sec)
Restart file written for report step 13/16, date = 21-Jan-2016 00:00:00

                              **************************************************************************
  WELLS    AT       413  DAYS *                 SPE1 - CASE 2                                          *
  REPORT   14    18 Feb 2016  *                                             Flow  version 2025.10-pre  *
                              **************************************************************************


======================================================= PRODUCTION REPORT =======================================================
:  WELL  : LOCATION  :CTRL:    OIL    :   WATER   :    GAS    :   FLUID   :   WATER   : GAS/OIL  :  WAT/GAS   : BHP OR : THP OR :
:  NAME  :  (I,J,K)  :MODE:   RATE    :   RATE    :   RATE    : RES.VOL.  :    CUT    :  RATIO   :   RATIO    :CON.PR. :BLK.PR. :
:        :           :    :  SCM/DAY  :  SCM/DAY  :  RCM/DAY  :  SCM/SCM  :  SCM/SCM  : SCM/SCM  :  SCM/SCM   : BARSA  : BARSA  :
=================================================================================================================================
:FIELD   :           :    :       -0.0:       -0.0:       -0.0:       -0.0:      0.000:      0.00:      0.0000:        :        :
:G1      :           :    :       -0.0:       -0.0:       -0.0:       -0.0:      0.000:      0.00:      0.0000:        :        :
:--------:-----------:----:-----------:-----------:-----------:-----------:-----------:----------:------------:--------:--------:

============================================= INJECTION REPORT ==============================================
:  WELL  : LOCATION  : CTRL : CTRL : CTRL :    OIL    :   WATER   :    GAS    :   FLUID   : BHP OR : THP OR :
:  NAME  :  (I,J,K)  : MODE : MODE : MODE :   RATE    :   RATE    :   RATE    : RES.VOL.  :CON.PR. :BLK.PR. :
:        :           : OIL  : WAT  : GAS  :  SCM/DAY  :  SCM/DAY  :  SCM/DAY  :  RCM/DAY  : BARSA  : BARSA  :
=============================================================================================================
:FIELD   :           :      :      :      :        0.0:        0.0:        0.0:        0.0:        :        :
:G1      :           :      :      :      :        0.0:        0.0:        0.0:        0.0:        :        :
:INJ     : 10,  1    :      :  WRAT:      :        0.0:        0.0:        0.0:        0.0:     0.0:     0.0:
:OILINJ  :  1,  1    :  ORAT:      :      :        0.0:        0.0:        0.0:        0.0:  1000.0:     0.0:
:--------:-----------:------:------:------:-----------:-----------:-----------:-----------:--------:--------:

============================================== CUMULATIVE PRODUCTION/INJECTION TOTALS ==============================================
:  WELL  : LOCATION  :  WELL  :CTRL:    OIL    :   WATER   :    GAS    :   Prod    :    OIL    :   WATER   :    GAS    :    INJ    :
:  NAME  :  (I,J,K)  :  TYPE  :MODE:   PROD    :   PROD    :   PROD    : RES.VOL.  :    INJ    :    INJ    :    INJ    : RES.VOL.  :
:        :           :        :    :   MSCM    :   MSCM    :   MMSCM   :   MRCM    :   MSCM    :   MSCM    :   MMSCM   :   MRCM    :
====================================================================================================================================
:FIELD   :           :        :    :        0.0:        0.0:        0.0:        0.0:       23.6:       54.5:        0.0:       82.1:
:G1      :           :        :    :        0.0:        0.0:        0.0:        0.0:       23.6:       54.5:        0.0:       82.1:
:INJ     : 10,  1    :     INJ:WRAT:        0.0:        0.0:        0.0:        0.0:        0.0:       54.5:        0.0:       56.0:
:OILINJ  :  1,  1    :     INJ:ORAT:        0.0:        0.0:        0.0:        0.0:       23.6:        0.0:        0.0:       26.1:
:--------:-----------:--------:----:-----------:-----------:-----------:-----------:-----------:-----------:-----------:-----------:


Report step 14/16 at day 413/472, date = 18-Feb-2016

Starting time step 0, stepsize 31 days, at day 413/444, date = 18-Feb-2016
Well OILINJ will be shut as it can not operate under current reservoir conditions.

Warning: Keyword 'WELLS' is unhandled for output to restart file.
 Newton its= 1, linearizations= 2 (0.0sec), linear its=  0 (0.0sec)
Restart file written for report step 14/16, date = 18-Feb-2016 00:00:00

                              **************************************************************************
  WELLS    AT       444  DAYS *                 SPE1 - CASE 2                                          *
  REPORT   15    20 Mar 2016  *                                             Flow  version 2025.10-pre  *
                              **************************************************************************


======================================================= PRODUCTION REPORT =======================================================
:  WELL  : LOCATION  :CTRL:    OIL    :   WATER   :    GAS    :   FLUID   :   WATER   : GAS/OIL  :  WAT/GAS   : BHP OR : THP OR :
:  NAME  :  (I,J,K)  :MODE:   RATE    :   RATE    :   RATE    : RES.VOL.  :    CUT    :  RATIO   :   RATIO    :CON.PR. :BLK.PR. :
:        :           :    :  SCM/DAY  :  SCM/DAY  :  RCM/DAY  :  SCM/SCM  :  SCM/SCM  : SCM/SCM  :  SCM/SCM   : BARSA  : BARSA  :
=================================================================================================================================
:FIELD   :           :    :       -0.0:       -0.0:       -0.0:       -0.0:      0.000:      0.00:      0.0000:        :        :
:G1      :           :    :       -0.0:       -0.0:       -0.0:       -0.0:      0.000:      0.00:      0.0000:        :        :
:--------:-----------:----:-----------:-----------:-----------:-----------:-----------:----------:------------:--------:--------:

============================================= INJECTION REPORT ==============================================
:  WELL  : LOCATION  : CTRL : CTRL : CTRL :    OIL    :   WATER   :    GAS    :   FLUID   : BHP OR : THP OR :
:  NAME  :  (I,J,K)  : MODE : MODE : MODE :   RATE    :   RATE    :   RATE    : RES.VOL.  :CON.PR. :BLK.PR. :
:        :           : OIL  : WAT  : GAS  :  SCM/DAY  :  SCM/DAY  :  SCM/DAY  :  RCM/DAY  : BARSA  : BARSA  :
=============================================================================================================
:FIELD   :           :      :      :      :        0.0:        0.0:        0.0:        0.0:        :        :
:G1      :           :      :      :      :        0.0:        0.0:        0.0:        0.0:        :        :
:INJ     : 10,  1    :      :  WRAT:      :        0.0:        0.0:        0.0:        0.0:     0.0:     0.0:
:OILINJ  :  1,  1    :  ORAT:      :      :        0.0:        0.0:        0.0:        0.0:  1000.0:     0.0:
:--------:-----------:------:------:------:-----------:-----------:-----------:-----------:--------:--------:

============================================== CUMULATIVE PRODUCTION/INJECTION TOTALS ==============================================
:  WELL  : LOCATION  :  WELL  :CTRL:    OIL    :   WATER   :    GAS    :   Prod    :    OIL    :   WATER   :    GAS    :    INJ    :
:  NAME  :  (I,J,K)  :  TYPE  :MODE:   PROD    :   PROD    :   PROD    : RES.VOL.  :    INJ    :    INJ    :    INJ    : RES.VOL.  :
:        :           :        :    :   MSCM    :   MSCM    :   MMSCM   :   MRCM    :   MSCM    :   MSCM    :   MMSCM   :   MRCM    :
====================================================================================================================================
:FIELD   :           :        :    :        0.0:        0.0:        0.0:        0.0:       23.6:       54.5:        0.0:       82.1:
:G1      :           :        :    :        0.0:        0.0:        0.0:        0.0:       23.6:       54.5:        0.0:       82.1:
:INJ     : 10,  1    :     INJ:WRAT:        0.0:        0.0:        0.0:        0.0:        0.0:       54.5:        0.0:       56.0:
:OILINJ  :  1,  1    :     INJ:ORAT:        0.0:        0.0:        0.0:        0.0:       23.6:        0.0:        0.0:       26.1:
:--------:-----------:--------:----:-----------:-----------:-----------:-----------:-----------:-----------:-----------:-----------:


Report step 15/16 at day 444/472, date = 20-Mar-2016

Starting time step 0, stepsize 28 days, at day 444/472, date = 20-Mar-2016

Warning: Keyword 'WELLS' is unhandled for output to restart file.
 Newton its= 1, linearizations= 2 (0.0sec), linear its=  0 (0.0sec)
Restart file written for report step 15/16, date = 20-Mar-2016 00:00:00

                              **************************************************************************
  WELLS    AT       472  DAYS *                 SPE1 - CASE 2                                          *
  REPORT   16    17 Apr 2016  *                                             Flow  version 2025.10-pre  *
                              **************************************************************************


======================================================= PRODUCTION REPORT =======================================================
:  WELL  : LOCATION  :CTRL:    OIL    :   WATER   :    GAS    :   FLUID   :   WATER   : GAS/OIL  :  WAT/GAS   : BHP OR : THP OR :
:  NAME  :  (I,J,K)  :MODE:   RATE    :   RATE    :   RATE    : RES.VOL.  :    CUT    :  RATIO   :   RATIO    :CON.PR. :BLK.PR. :
:        :           :    :  SCM/DAY  :  SCM/DAY  :  RCM/DAY  :  SCM/SCM  :  SCM/SCM  : SCM/SCM  :  SCM/SCM   : BARSA  : BARSA  :
=================================================================================================================================
:FIELD   :           :    :       -0.0:       -0.0:       -0.0:       -0.0:      0.000:      0.00:      0.0000:        :        :
:G1      :           :    :       -0.0:       -0.0:       -0.0:       -0.0:      0.000:      0.00:      0.0000:        :        :
:--------:-----------:----:-----------:-----------:-----------:-----------:-----------:----------:------------:--------:--------:

============================================= INJECTION REPORT ==============================================
:  WELL  : LOCATION  : CTRL : CTRL : CTRL :    OIL    :   WATER   :    GAS    :   FLUID   : BHP OR : THP OR :
:  NAME  :  (I,J,K)  : MODE : MODE : MODE :   RATE    :   RATE    :   RATE    : RES.VOL.  :CON.PR. :BLK.PR. :
:        :           : OIL  : WAT  : GAS  :  SCM/DAY  :  SCM/DAY  :  SCM/DAY  :  RCM/DAY  : BARSA  : BARSA  :
=============================================================================================================
:FIELD   :           :      :      :      :        0.0:        0.0:        0.0:        0.0:        :        :
:G1      :           :      :      :      :        0.0:        0.0:        0.0:        0.0:        :        :
:INJ     : 10,  1    :      :  WRAT:      :        0.0:        0.0:        0.0:        0.0:     0.0:     0.0:
:OILINJ  :  1,  1    :  ORAT:      :      :        0.0:        0.0:        0.0:        0.0:     0.0:     0.0:
:--------:-----------:------:------:------:-----------:-----------:-----------:-----------:--------:--------:

============================================== CUMULATIVE PRODUCTION/INJECTION TOTALS ==============================================
:  WELL  : LOCATION  :  WELL  :CTRL:    OIL    :   WATER   :    GAS    :   Prod    :    OIL    :   WATER   :    GAS    :    INJ    :
:  NAME  :  (I,J,K)  :  TYPE  :MODE:   PROD    :   PROD    :   PROD    : RES.VOL.  :    INJ    :    INJ    :    INJ    : RES.VOL.  :
:        :           :        :    :   MSCM    :   MSCM    :   MMSCM   :   MRCM    :   MSCM    :   MSCM    :   MMSCM   :   MRCM    :
====================================================================================================================================
:FIELD   :           :        :    :        0.0:        0.0:        0.0:        0.0:       23.6:       54.5:        0.0:       82.1:
:G1      :           :        :    :        0.0:        0.0:        0.0:        0.0:       23.6:       54.5:        0.0:       82.1:
:INJ     : 10,  1    :     INJ:WRAT:        0.0:        0.0:        0.0:        0.0:        0.0:       54.5:        0.0:       56.0:
:OILINJ  :  1,  1    :     INJ:ORAT:        0.0:        0.0:        0.0:        0.0:       23.6:        0.0:        0.0:       26.1:
:--------:-----------:--------:----:-----------:-----------:-----------:-----------:-----------:-----------:-----------:-----------:

Restart file written for report step 16/16, date = 17-Apr-2016 00:00:00


================    End of simulation     ===============

Number of MPI processes:         1
Threads per MPI process:         1
Setup time:                      0.05 s
  Deck input:                    0.04 s
Number of timesteps:            25
Simulation time:                 0.03 s
  Assembly time:                 0.00 s (Wasted: 0.0 s; 0.0%)
    Well assembly:               0.00 s (Wasted: 0.0 s; 0.0%)
  Linear solve time:             0.01 s (Wasted: 0.0 s; 0.0%)
    Linear setup:                0.01 s (Wasted: 0.0 s; 0.0%)
  Props/update time:             0.00 s (Wasted: 0.0 s; 0.0%)
  Pre/post step:                 0.01 s (Wasted: 0.0 s; 0.0%)
  Output write time:             0.01 s
Overall Linearizations:         64      (Wasted:     0; 0.0%)
Overall Newton Iterations:      39      (Wasted:     0; 0.0%)
Overall Linear Iterations:       0      (Wasted:     0; 0.0%)



Error summary:
Warnings          26
Info              193
Errors            0
Bugs              0
Debug             0
Problems          0

